kotlin version: 2.1.10
error message: org.jetbrains.kotlin.backend.common.BackendException: Backend Internal error: Exception during IR lowering
File being compiled: /Users/tu23dc/Developer/Kotlin/jafun/src/main/kotlin/nl/w8mr/jafun/JVMBackend.kt
The root cause org.jetbrains.kotlin.backend.common.CompilationException was thrown at: org.jetbrains.kotlin.backend.common.lower.loops.UtilsKt.makeIrCallConversionToTargetClass(Utils.kt:197)
	at org.jetbrains.kotlin.backend.common.CodegenUtil.reportBackendException(CodegenUtil.kt:253)
	at org.jetbrains.kotlin.backend.common.CodegenUtil.reportBackendException$default(CodegenUtil.kt:236)
	at org.jetbrains.kotlin.backend.common.phaser.PerformByIrFilePhase.invokeSequential(performByIrFile.kt:55)
	at org.jetbrains.kotlin.backend.common.phaser.PerformByIrFilePhase.invoke(performByIrFile.kt:42)
	at org.jetbrains.kotlin.backend.common.phaser.PerformByIrFilePhase.invoke(performByIrFile.kt:28)
	at org.jetbrains.kotlin.backend.common.phaser.NamedCompilerPhase.phaseBody(CompilerPhase.kt:166)
	at org.jetbrains.kotlin.backend.common.phaser.AbstractNamedCompilerPhase.invoke(CompilerPhase.kt:113)
	at org.jetbrains.kotlin.backend.common.phaser.CompositePhase.invoke(PhaseBuilders.kt:27)
	at org.jetbrains.kotlin.backend.common.phaser.CompositePhase.invoke(PhaseBuilders.kt:14)
	at org.jetbrains.kotlin.backend.common.phaser.NamedCompilerPhase.phaseBody(CompilerPhase.kt:166)
	at org.jetbrains.kotlin.backend.common.phaser.AbstractNamedCompilerPhase.invoke(CompilerPhase.kt:113)
	at org.jetbrains.kotlin.backend.common.phaser.CompilerPhaseKt.invokeToplevel(CompilerPhase.kt:62)
	at org.jetbrains.kotlin.backend.jvm.JvmIrCodegenFactory.invokeLowerings(JvmIrCodegenFactory.kt:358)
	at org.jetbrains.kotlin.codegen.CodegenFactory.generateModule(CodegenFactory.kt:46)
	at org.jetbrains.kotlin.backend.jvm.JvmIrCodegenFactory.generateModuleInFrontendIRMode(JvmIrCodegenFactory.kt:433)
	at org.jetbrains.kotlin.cli.jvm.compiler.pipeline.JvmCompilerPipelineKt.generateCodeFromIr(jvmCompilerPipeline.kt:192)
	at org.jetbrains.kotlin.cli.jvm.compiler.pipeline.JvmCompilerPipelineKt.runBackend(jvmCompilerPipeline.kt:80)
	at org.jetbrains.kotlin.cli.jvm.compiler.pipeline.JvmCompilerPipelineLightTreeKt.compileModule(jvmCompilerPipelineLightTree.kt:264)
	at org.jetbrains.kotlin.cli.jvm.compiler.pipeline.JvmCompilerPipelineLightTreeKt.compileSingleModuleUsingFrontendIrAndLightTree(jvmCompilerPipelineLightTree.kt:231)
	at org.jetbrains.kotlin.cli.jvm.compiler.pipeline.JvmCompilerPipelineLightTreeKt.compileModulesUsingFrontendIrAndLightTree(jvmCompilerPipelineLightTree.kt:86)
	at org.jetbrains.kotlin.cli.jvm.K2JVMCompiler.doExecute(K2JVMCompiler.kt:146)
	at org.jetbrains.kotlin.cli.jvm.K2JVMCompiler.doExecute(K2JVMCompiler.kt:43)
	at org.jetbrains.kotlin.cli.common.CLICompiler.execImpl(CLICompiler.kt:102)
	at org.jetbrains.kotlin.cli.common.CLICompiler.exec(CLICompiler.kt:316)
	at org.jetbrains.kotlin.incremental.IncrementalJvmCompilerRunner.runCompiler(IncrementalJvmCompilerRunner.kt:464)
	at org.jetbrains.kotlin.incremental.IncrementalJvmCompilerRunner.runCompiler(IncrementalJvmCompilerRunner.kt:73)
	at org.jetbrains.kotlin.incremental.IncrementalCompilerRunner.doCompile(IncrementalCompilerRunner.kt:506)
	at org.jetbrains.kotlin.incremental.IncrementalCompilerRunner.compileImpl(IncrementalCompilerRunner.kt:423)
	at org.jetbrains.kotlin.incremental.IncrementalCompilerRunner.compileNonIncrementally(IncrementalCompilerRunner.kt:301)
	at org.jetbrains.kotlin.incremental.IncrementalCompilerRunner.compile(IncrementalCompilerRunner.kt:129)
	at org.jetbrains.kotlin.daemon.CompileServiceImplBase.execIncrementalCompiler(CompileServiceImpl.kt:683)
	at org.jetbrains.kotlin.daemon.CompileServiceImplBase.access$execIncrementalCompiler(CompileServiceImpl.kt:91)
	at org.jetbrains.kotlin.daemon.CompileServiceImpl.compile(CompileServiceImpl.kt:1811)
	at java.base/jdk.internal.reflect.DirectMethodHandleAccessor.invoke(DirectMethodHandleAccessor.java:103)
	at java.base/java.lang.reflect.Method.invoke(Method.java:580)
	at java.rmi/sun.rmi.server.UnicastServerRef.dispatch(UnicastServerRef.java:360)
	at java.rmi/sun.rmi.transport.Transport$1.run(Transport.java:200)
	at java.rmi/sun.rmi.transport.Transport$1.run(Transport.java:197)
	at java.base/java.security.AccessController.doPrivileged(AccessController.java:714)
	at java.rmi/sun.rmi.transport.Transport.serviceCall(Transport.java:196)
	at java.rmi/sun.rmi.transport.tcp.TCPTransport.handleMessages(TCPTransport.java:598)
	at java.rmi/sun.rmi.transport.tcp.TCPTransport$ConnectionHandler.run0(TCPTransport.java:844)
	at java.rmi/sun.rmi.transport.tcp.TCPTransport$ConnectionHandler.lambda$run$0(TCPTransport.java:721)
	at java.base/java.security.AccessController.doPrivileged(AccessController.java:400)
	at java.rmi/sun.rmi.transport.tcp.TCPTransport$ConnectionHandler.run(TCPTransport.java:720)
	at java.base/java.util.concurrent.ThreadPoolExecutor.runWorker(ThreadPoolExecutor.java:1144)
	at java.base/java.util.concurrent.ThreadPoolExecutor$Worker.run(ThreadPoolExecutor.java:642)
	at java.base/java.lang.Thread.run(Thread.java:1583)
Caused by: org.jetbrains.kotlin.backend.common.CompilationException: Back-end: Please report this problem https://kotl.in/issue
/Users/tu23dc/Developer/Kotlin/jafun/src/main/kotlin/nl/w8mr/jafun/JVMBackend.kt:1:1
Problem with `class JVMBackendKt {
  /* static */ fun compileJVM(className: String, builder: BuilderContext): ByteArray {
    val clazz: ClassBuilder = classBuilder(init = { // BLOCK
      local fun <anonymous>($this$classBuilder: DSL): Unit? {
        $this$classBuilder.<set-name>(<set-?> = className)
        { // BLOCK
          val tmp0_safe_receiver: ClassContext? = builder.<get-classes>().get(key = className)
          when {
            EQEQ(arg0 = tmp0_safe_receiver, arg1 = null) -> null
            else -> tmp0_safe_receiver.let<ClassContext, Unit>(block = { // BLOCK
              local fun <anonymous>(it: ClassContext) {
                it.<get-methods>().forEach<MethodContext>(action = { // BLOCK
                  local fun <anonymous>(method: MethodContext) {
                    $this$classBuilder.method(init = { // BLOCK
                      local fun <anonymous>($this$method: DSL): Unit? {
                        $this$method.<set-name>(<set-?> = method.<get-name>())
                        $this$method.<set-signature>(<set-?> = "(" + method.<get-parameterTypes>().map<OperandType<*>, String>(transform = { // BLOCK
                          local fun stub_for_inlining(p0: OperandType<*>): String {
                            return signature(type = p0)
                          }

                          JVMBackendKt::stub_for_inlining
                        }).joinToString<String>(separator = "") + ")".plus(other = signature(type = method.<get-returnType>())))
                        method.<get-codeBlocks>().forEachIndexed<CodeBlock>(action = { // BLOCK
                          local fun <anonymous>(index: Int, codeBlock: CodeBlock) {
                            val context: Context = Context(method = $this$method)
                            codeBlock.<get-instructions>().forEach<Instruction>(action = { // BLOCK
                              local fun <anonymous>(it: Instruction) {
                                context.compile(instruction = it, index = index, codeBlocks = method.<get-codeBlocks>())
                              }

                              JVMBackendKt::<anonymous>
                            })
                          }

                          JVMBackendKt::<anonymous>
                        })
                      }

                      <jvm-indy-lambda-metafactory><@ExtensionFunctionType Function1<DSL, Unit>>(samMethodType = &error("") /* ERROR: unsupported element type: IrRawFunctionReferenceImpl */
, implMethodReference = JVMBackendKt::<anonymous>, instantiatedMethodType = &error("") /* ERROR: unsupported element type: IrRawFunctionReferenceImpl */
, extraOverriddenMethodTypes = [], shouldBeSerializable = false)
                    })
                  }

                  JVMBackendKt::<anonymous>
                })
              }

              JVMBackendKt::<anonymous>
            })
          }
        } /*~> Unit */
      }

      <jvm-indy-lambda-metafactory><@ExtensionFunctionType Function1<DSL, Unit>>(samMethodType = &error("") /* ERROR: unsupported element type: IrRawFunctionReferenceImpl */
, implMethodReference = JVMBackendKt::<anonymous>, instantiatedMethodType = &error("") /* ERROR: unsupported element type: IrRawFunctionReferenceImpl */
, extraOverriddenMethodTypes = [], shouldBeSerializable = false)
    })
    return clazz.write()
  }

  /* static */ fun signature(type: OperandType<*>): String {
    return { // BLOCK
      val tmp0_subject: OperandType<*> = type
      when {
        tmp0_subject is Array<*> -> "[" + signature(type = type /*as Array<*> */.<get-type>())
        tmp0_subject is Unit -> "V"
        tmp0_subject is StringType -> "Ljava/lang/String;"
        tmp0_subject is Reference<*> -> "L" + type /*as Reference<*> */.<get-type>().replace(oldChar = '.', newChar = '/') + ";"
        tmp0_subject is SInt32 -> "I"
        tmp0_subject is UInt1 -> "Z"
        tmp0_subject is JFMethod -> TODO()
        tmp0_subject is JFClass -> "L" + type /*as JFClass */.<get-path>().replace(oldChar = '.', newChar = '/') + ";"
        tmp0_subject is JFVariableSymbol -> TODO()
        else -> noWhenBranchMatchedException()
      }
    }
  }

  /* static */ fun byteSize(instruction: Instruction): Int {
    return { // BLOCK
      val tmp0_subject: Instruction = instruction
      when {
        tmp0_subject is Dup -> 1
        tmp0_subject is GetStatic -> 3
        tmp0_subject is Goto -> 3
        tmp0_subject is IfFalse -> 3
        tmp0_subject is Invoke -> 3
        tmp0_subject is Load<*> -> 2
        tmp0_subject is LoadConstant<*, *> -> { // BLOCK
          val tmp1_subject: OperandType<out Any?> = instruction /*as LoadConstant<*, *> */.<get-type>()
          when {
            tmp1_subject is StringType -> 3
            tmp1_subject is SInt32 -> { // BLOCK
              val tmp2_subject: Any = instruction /*as LoadConstant<*, *> */.<get-type>() /*as SInt32 */.operand1(instruction = instruction /*as LoadConstant<*, *> */)
              when {
                -1.rangeTo(other = 5).contains(value = tmp2_subject) -> 1
                -128.rangeTo(other = -2).contains(value = tmp2_subject) -> 2
                6.rangeTo(other = 127).contains(value = tmp2_subject) -> 2
                else -> 3
              }
            }
            tmp1_subject is UInt1 -> 1
            else -> 0
          }
        }
        tmp0_subject is Pop -> 1
        tmp0_subject is Return<*> -> 1
        tmp0_subject is Store<*> -> 2
        else -> noWhenBranchMatchedException()
      }
    }
  }

}

`
Details: Internal error in body lowering: java.lang.IllegalStateException: Internal error: cannot convert Any to Int: GET_VAR 'val tmp2_subject: kotlin.Any [val] declared in nl.w8mr.jafun.JVMBackendKt.byteSize' type=kotlin.Any origin=null
	at org.jetbrains.kotlin.backend.common.lower.loops.UtilsKt.makeIrCallConversionToTargetClass(Utils.kt:197)
	at org.jetbrains.kotlin.backend.common.lower.loops.UtilsKt.castIfNecessary(Utils.kt:174)
	at org.jetbrains.kotlin.backend.common.lower.Transformer.buildContainsComparison(RangeContainsLowering.kt:243)
	at org.jetbrains.kotlin.backend.common.lower.Transformer.visitCall(RangeContainsLowering.kt:107)
	at org.jetbrains.kotlin.ir.visitors.IrElementTransformerVoid.visitCall(IrElementTransformerVoid.kt:299)
	at org.jetbrains.kotlin.ir.visitors.IrElementTransformerVoid.visitCall(IrElementTransformerVoid.kt:19)
	at org.jetbrains.kotlin.ir.expressions.IrCall.accept(IrCall.kt:24)
	at org.jetbrains.kotlin.ir.expressions.IrExpression.transform(IrExpression.kt:24)
	at org.jetbrains.kotlin.ir.expressions.IrBranch.transformChildren(IrBranch.kt:36)
	at org.jetbrains.kotlin.ir.visitors.IrElementTransformerVoid.visitBranch(IrElementTransformerVoid.kt:548)
	at org.jetbrains.kotlin.ir.visitors.IrElementTransformerVoid.visitBranch(IrElementTransformerVoid.kt:553)
	at org.jetbrains.kotlin.ir.visitors.IrElementTransformerVoid.visitBranch(IrElementTransformerVoid.kt:19)
	at org.jetbrains.kotlin.ir.expressions.IrBranch.accept(IrBranch.kt:25)
	at org.jetbrains.kotlin.ir.expressions.IrBranch.transform(IrBranch.kt:28)
	at org.jetbrains.kotlin.ir.expressions.IrBranch.transform(IrBranch.kt:19)
	at org.jetbrains.kotlin.ir.util.TransformKt.transformInPlace(transform.kt:35)
	at org.jetbrains.kotlin.ir.expressions.IrWhen.transformChildren(IrWhen.kt:31)
	at org.jetbrains.kotlin.ir.visitors.IrElementTransformerVoid.visitExpression(IrElementTransformerVoid.kt:166)
	at org.jetbrains.kotlin.ir.visitors.IrElementTransformerVoid.visitWhen(IrElementTransformerVoid.kt:542)
	at org.jetbrains.kotlin.ir.visitors.IrElementTransformerVoid.visitWhen(IrElementTransformerVoid.kt:545)
	at org.jetbrains.kotlin.ir.visitors.IrElementTransformerVoid.visitWhen(IrElementTransformerVoid.kt:19)
	at org.jetbrains.kotlin.ir.expressions.IrWhen.accept(IrWhen.kt:24)
	at org.jetbrains.kotlin.ir.expressions.IrExpression.transform(IrExpression.kt:24)
	at org.jetbrains.kotlin.ir.expressions.IrExpression.transform(IrExpression.kt:20)
	at org.jetbrains.kotlin.ir.util.TransformKt.transformInPlace(transform.kt:35)
	at org.jetbrains.kotlin.ir.expressions.IrContainerExpression.transformChildren(IrContainerExpression.kt:26)
	at org.jetbrains.kotlin.ir.visitors.IrElementTransformerVoid.visitExpression(IrElementTransformerVoid.kt:166)
	at org.jetbrains.kotlin.ir.visitors.IrElementTransformerVoid.visitContainerExpression(IrElementTransformerVoid.kt:242)
	at org.jetbrains.kotlin.ir.visitors.IrElementTransformerVoid.visitBlock(IrElementTransformerVoid.kt:248)
	at org.jetbrains.kotlin.ir.visitors.IrElementTransformerVoid.visitBlock(IrElementTransformerVoid.kt:251)
	at org.jetbrains.kotlin.ir.visitors.IrElementTransformerVoid.visitBlock(IrElementTransformerVoid.kt:19)
	at org.jetbrains.kotlin.ir.expressions.IrBlock.accept(IrBlock.kt:18)
	at org.jetbrains.kotlin.ir.expressions.IrExpression.transform(IrExpression.kt:24)
	at org.jetbrains.kotlin.ir.expressions.IrBranch.transformChildren(IrBranch.kt:37)
	at org.jetbrains.kotlin.ir.visitors.IrElementTransformerVoid.visitBranch(IrElementTransformerVoid.kt:548)
	at org.jetbrains.kotlin.ir.visitors.IrElementTransformerVoid.visitBranch(IrElementTransformerVoid.kt:553)
	at org.jetbrains.kotlin.ir.visitors.IrElementTransformerVoid.visitBranch(IrElementTransformerVoid.kt:19)
	at org.jetbrains.kotlin.ir.expressions.IrBranch.accept(IrBranch.kt:25)
	at org.jetbrains.kotlin.ir.expressions.IrBranch.transform(IrBranch.kt:28)
	at org.jetbrains.kotlin.ir.expressions.IrBranch.transform(IrBranch.kt:19)
	at org.jetbrains.kotlin.ir.util.TransformKt.transformInPlace(transform.kt:35)
	at org.jetbrains.kotlin.ir.expressions.IrWhen.transformChildren(IrWhen.kt:31)
	at org.jetbrains.kotlin.ir.visitors.IrElementTransformerVoid.visitExpression(IrElementTransformerVoid.kt:166)
	at org.jetbrains.kotlin.ir.visitors.IrElementTransformerVoid.visitWhen(IrElementTransformerVoid.kt:542)
	at org.jetbrains.kotlin.ir.visitors.IrElementTransformerVoid.visitWhen(IrElementTransformerVoid.kt:545)
	at org.jetbrains.kotlin.ir.visitors.IrElementTransformerVoid.visitWhen(IrElementTransformerVoid.kt:19)
	at org.jetbrains.kotlin.ir.expressions.IrWhen.accept(IrWhen.kt:24)
	at org.jetbrains.kotlin.ir.expressions.IrExpression.transform(IrExpression.kt:24)
	at org.jetbrains.kotlin.ir.expressions.IrExpression.transform(IrExpression.kt:20)
	at org.jetbrains.kotlin.ir.util.TransformKt.transformInPlace(transform.kt:35)
	at org.jetbrains.kotlin.ir.expressions.IrContainerExpression.transformChildren(IrContainerExpression.kt:26)
	at org.jetbrains.kotlin.ir.visitors.IrElementTransformerVoid.visitExpression(IrElementTransformerVoid.kt:166)
	at org.jetbrains.kotlin.ir.visitors.IrElementTransformerVoid.visitContainerExpression(IrElementTransformerVoid.kt:242)
	at org.jetbrains.kotlin.ir.visitors.IrElementTransformerVoid.visitBlock(IrElementTransformerVoid.kt:248)
	at org.jetbrains.kotlin.ir.visitors.IrElementTransformerVoid.visitBlock(IrElementTransformerVoid.kt:251)
	at org.jetbrains.kotlin.ir.visitors.IrElementTransformerVoid.visitBlock(IrElementTransformerVoid.kt:19)
	at org.jetbrains.kotlin.ir.expressions.IrBlock.accept(IrBlock.kt:18)
	at org.jetbrains.kotlin.ir.expressions.IrExpression.transform(IrExpression.kt:24)
	at org.jetbrains.kotlin.ir.expressions.IrBranch.transformChildren(IrBranch.kt:37)
	at org.jetbrains.kotlin.ir.visitors.IrElementTransformerVoid.visitBranch(IrElementTransformerVoid.kt:548)
	at org.jetbrains.kotlin.ir.visitors.IrElementTransformerVoid.visitBranch(IrElementTransformerVoid.kt:553)
	at org.jetbrains.kotlin.ir.visitors.IrElementTransformerVoid.visitBranch(IrElementTransformerVoid.kt:19)
	at org.jetbrains.kotlin.ir.expressions.IrBranch.accept(IrBranch.kt:25)
	at org.jetbrains.kotlin.ir.expressions.IrBranch.transform(IrBranch.kt:28)
	at org.jetbrains.kotlin.ir.expressions.IrBranch.transform(IrBranch.kt:19)
	at org.jetbrains.kotlin.ir.util.TransformKt.transformInPlace(transform.kt:35)
	at org.jetbrains.kotlin.ir.expressions.IrWhen.transformChildren(IrWhen.kt:31)
	at org.jetbrains.kotlin.ir.visitors.IrElementTransformerVoid.visitExpression(IrElementTransformerVoid.kt:166)
	at org.jetbrains.kotlin.ir.visitors.IrElementTransformerVoid.visitWhen(IrElementTransformerVoid.kt:542)
	at org.jetbrains.kotlin.ir.visitors.IrElementTransformerVoid.visitWhen(IrElementTransformerVoid.kt:545)
	at org.jetbrains.kotlin.ir.visitors.IrElementTransformerVoid.visitWhen(IrElementTransformerVoid.kt:19)
	at org.jetbrains.kotlin.ir.expressions.IrWhen.accept(IrWhen.kt:24)
	at org.jetbrains.kotlin.ir.expressions.IrExpression.transform(IrExpression.kt:24)
	at org.jetbrains.kotlin.ir.expressions.IrExpression.transform(IrExpression.kt:20)
	at org.jetbrains.kotlin.ir.util.TransformKt.transformInPlace(transform.kt:35)
	at org.jetbrains.kotlin.ir.expressions.IrContainerExpression.transformChildren(IrContainerExpression.kt:26)
	at org.jetbrains.kotlin.ir.visitors.IrElementTransformerVoid.visitExpression(IrElementTransformerVoid.kt:166)
	at org.jetbrains.kotlin.ir.visitors.IrElementTransformerVoid.visitContainerExpression(IrElementTransformerVoid.kt:242)
	at org.jetbrains.kotlin.ir.visitors.IrElementTransformerVoid.visitBlock(IrElementTransformerVoid.kt:248)
	at org.jetbrains.kotlin.ir.visitors.IrElementTransformerVoid.visitBlock(IrElementTransformerVoid.kt:251)
	at org.jetbrains.kotlin.ir.visitors.IrElementTransformerVoid.visitBlock(IrElementTransformerVoid.kt:19)
	at org.jetbrains.kotlin.ir.expressions.IrBlock.accept(IrBlock.kt:18)
	at org.jetbrains.kotlin.ir.expressions.IrExpression.transform(IrExpression.kt:24)
	at org.jetbrains.kotlin.ir.expressions.IrReturn.transformChildren(IrReturn.kt:31)
	at org.jetbrains.kotlin.ir.visitors.IrElementTransformerVoid.visitExpression(IrElementTransformerVoid.kt:166)
	at org.jetbrains.kotlin.ir.visitors.IrElementTransformerVoid.visitReturn(IrElementTransformerVoid.kt:460)
	at org.jetbrains.kotlin.ir.visitors.IrElementTransformerVoid.visitReturn(IrElementTransformerVoid.kt:463)
	at org.jetbrains.kotlin.ir.visitors.IrElementTransformerVoid.visitReturn(IrElementTransformerVoid.kt:19)
	at org.jetbrains.kotlin.ir.expressions.IrReturn.accept(IrReturn.kt:24)
	at org.jetbrains.kotlin.ir.expressions.IrExpression.transform(IrExpression.kt:24)
	at org.jetbrains.kotlin.ir.expressions.IrExpression.transform(IrExpression.kt:20)
	at org.jetbrains.kotlin.ir.util.TransformKt.transformInPlace(transform.kt:35)
	at org.jetbrains.kotlin.ir.expressions.IrBlockBody.transformChildren(IrBlockBody.kt:27)
	at org.jetbrains.kotlin.ir.visitors.IrElementTransformerVoidKt.transformChildrenVoid(IrElementTransformerVoid.kt:565)
	at org.jetbrains.kotlin.backend.common.lower.RangeContainsLowering.lower(RangeContainsLowering.kt:49)
	at org.jetbrains.kotlin.backend.common.BodyLoweringVisitor.visitBody$lambda$2(Lower.kt:187)
	at org.jetbrains.kotlin.ir.declarations.StageController.restrictTo(PersistentApi.kt:11)
	at org.jetbrains.kotlin.backend.common.BodyLoweringVisitor.visitBody(Lower.kt:186)
	at org.jetbrains.kotlin.backend.common.BodyLoweringVisitor.visitBody(Lower.kt:165)
	at org.jetbrains.kotlin.ir.visitors.IrElementVisitor$DefaultImpls.visitBlockBody(IrElementVisitor.kt:96)
	at org.jetbrains.kotlin.backend.common.BodyLoweringVisitor.visitBlockBody(Lower.kt:165)
	at org.jetbrains.kotlin.backend.common.BodyLoweringVisitor.visitBlockBody(Lower.kt:165)
	at org.jetbrains.kotlin.ir.expressions.IrBlockBody.accept(IrBlockBody.kt:20)
	at org.jetbrains.kotlin.ir.declarations.IrFunction.acceptChildren(IrFunction.kt:57)
	at org.jetbrains.kotlin.backend.common.BodyLoweringVisitor.visitDeclaration(Lower.kt:174)
	at org.jetbrains.kotlin.backend.common.BodyLoweringVisitor.visitDeclaration(Lower.kt:165)
	at org.jetbrains.kotlin.ir.visitors.IrElementVisitor$DefaultImpls.visitFunction(IrElementVisitor.kt:42)
	at org.jetbrains.kotlin.backend.common.BodyLoweringVisitor.visitFunction(Lower.kt:165)
	at org.jetbrains.kotlin.backend.common.BodyLoweringVisitor.visitFunction(Lower.kt:165)
	at org.jetbrains.kotlin.ir.visitors.IrElementVisitor$DefaultImpls.visitSimpleFunction(IrElementVisitor.kt:69)
	at org.jetbrains.kotlin.backend.common.BodyLoweringVisitor.visitSimpleFunction(Lower.kt:165)
	at org.jetbrains.kotlin.backend.common.BodyLoweringVisitor.visitSimpleFunction(Lower.kt:165)
	at org.jetbrains.kotlin.ir.declarations.IrSimpleFunction.accept(IrSimpleFunction.kt:39)
	at org.jetbrains.kotlin.backend.common.BodyLoweringVisitor.visitClass(Lower.kt:180)
	at org.jetbrains.kotlin.backend.common.BodyLoweringVisitor.visitClass(Lower.kt:165)
	at org.jetbrains.kotlin.ir.declarations.IrClass.accept(IrClass.kt:72)
	at org.jetbrains.kotlin.backend.common.LowerKt.runOnFilePostfix(Lower.kt:144)
	at org.jetbrains.kotlin.backend.common.LowerKt.runOnFilePostfix$default(Lower.kt:137)
	at org.jetbrains.kotlin.backend.common.BodyLoweringPass.lower(Lower.kt:76)
	at org.jetbrains.kotlin.backend.common.phaser.PhaseFactoriesKt.createFilePhase$lambda$4(PhaseFactories.kt:71)
	at org.jetbrains.kotlin.backend.common.phaser.PhaseBuildersKt$createSimpleNamedCompilerPhase$1.phaseBody(PhaseBuilders.kt:69)
	at org.jetbrains.kotlin.backend.common.phaser.SimpleNamedCompilerPhase.phaseBody(CompilerPhase.kt:226)
	at org.jetbrains.kotlin.backend.common.phaser.AbstractNamedCompilerPhase.invoke(CompilerPhase.kt:113)
	at org.jetbrains.kotlin.backend.common.phaser.PerformByIrFilePhase.invokeSequential(performByIrFile.kt:52)
	... 45 more
Caused by: java.lang.IllegalStateException: Internal error: cannot convert Any to Int: GET_VAR 'val tmp2_subject: kotlin.Any [val] declared in nl.w8mr.jafun.JVMBackendKt.byteSize' type=kotlin.Any origin=null
	... 169 more


